<html>
<body>
<pre>
<h1>µVision Build Log</h1>
<h2>Tool Versions:</h2>
IDE-Version: ¦ÌVision V5.41.0.0
Copyright (C) 2024 ARM Ltd and ARM Germany GmbH. All rights reserved.
License Information: 1 1, 1, LIC=V85FJ-USG7D-E0JN4-F5AN7-V3YTM-USM95
 
Tool Versions:
Toolchain:       MDK-ARM Professional  Version: 5.41.0.0
Toolchain Path:  D:\Develop\keil5\Keil_V5\ARM\ARMCC\Bin
C Compiler:      Armcc.exe V5.06 update 7 for Certification (build 960)
Assembler:       Armasm.exe V5.06 update 7 for Certification (build 960)
Linker/Locator:  ArmLink.exe V5.06 update 7 for Certification (build 960)
Library Manager: ArmAr.exe V5.06 update 7 for Certification (build 960)
Hex Converter:   FromElf.exe V5.06 update 7 for Certification (build 960)
CPU DLL:         SARMCM3.DLL V5.41.0.0
Dialog DLL:      DCM.DLL V1.17.5.0
Target DLL:      STLink\ST-LINKIII-KEIL_SWO.dll V3.3.0.0
Dialog DLL:      TCM.DLL V1.56.4.0
 
<h2>Project:</h2>
C:\Users\shuai00115\Desktop\kail-project\32\2-1 STM32¹¤³ÌÄ£°æ\Project.uvprojx
Project File Date:  02/11/2025

<h2>Output:</h2>
*** Using Compiler 'V5.06 update 7 for Certification (build 960)', folder: 'D:\Develop\keil5\Keil_V5\ARM\ARMCC\Bin'
Build target 'Target_1'
compiling main.c...
linking...
Program Size: Code=1044 RO-data=252 RW-data=0 ZI-data=1632  
FromELF: creating hex file...
".\Objects\Project.axf" - 0 Error(s), 0 Warning(s).

<h2>Software Packages used:</h2>

Package Vendor: Keil
                http://www.keil.com/pack/Keil.STM32F1xx_DFP.2.2.0.pack
                Keil::STM32F1xx_DFP@2.2.0
                STMicroelectronics STM32F1 Series Device Support, Drivers and Examples

<h2>Collection of Component include folders:</h2>
  D:/Develop/keil5/Packs/Keil/STM32F1xx_DFP/2.2.0/Device/Include

<h2>Collection of Component Files used:</h2>
Build Time Elapsed:  00:00:01
</pre>
</body>
</html>
