C51 COMPILER V9.54   MOTOR                                                                 01/03/2025 01:00:50 PAGE 1   


C51 COMPILER V9.54, COMPILATION OF MODULE MOTOR
OBJECT MODULE PLACED IN .\Objects\Motor.obj
COMPILER INVOKED BY: D:\develop\Keil_v5\C51\BIN\C51.EXE Motor.c OPTIMIZE(8,SPEED) BROWSE DEBUG OBJECTEXTEND PRINT(.\List
                    -ings\Motor.lst) TABS(2) OBJECT(.\Objects\Motor.obj)

line level    source

   1          #include <REGX52.H>
   2          #include "Timer1.h"
   3          
   4          sbit Motor=P1^0;
   5          
   6          unsigned char Counter,Compare;
   7          
   8          /**
   9            * @brief 电机初始化
  10            * @param  无
  11            * @retval 无
  12            */
  13          
  14          void Motor_Init()
  15          {
  16   1        Timer1_Init();
  17   1      }
  18          
  19          /**
  20            * @brief 设定电机速度
  21            * @param  电机速度
  22            * @retval 无
  23            */
  24          
  25          void Motor_SetSpeed(unsigned char Speed)
  26          {
  27   1        Compare=Speed;
  28   1      }
  29          
  30          void Timer1_Rountine() interrupt 3
  31          {
  32   1        TL1 = 0xA4;   //设置定时初值
  33   1        TH1 = 0xFF;   //设置定时初值
  34   1        Counter++;
  35   1        if(Counter>=100) Counter=0;
  36   1        if(Counter<Compare)
  37   1        {
  38   2          Motor=1;
  39   2        }
  40   1        else
  41   1        {
  42   2          Motor=0;
  43   2        }
  44   1      }


MODULE INFORMATION:   STATIC OVERLAYABLE
   CODE SIZE        =     46    ----
   CONSTANT SIZE    =   ----    ----
   XDATA SIZE       =   ----    ----
   PDATA SIZE       =   ----    ----
   DATA SIZE        =      2    ----
   IDATA SIZE       =   ----    ----
   BIT SIZE         =   ----    ----
C51 COMPILER V9.54   MOTOR                                                                 01/03/2025 01:00:50 PAGE 2   

END OF MODULE INFORMATION.


C51 COMPILATION COMPLETE.  0 WARNING(S),  0 ERROR(S)
